this is a new text to record the log.
what's up ?
